// Jest Snapshot v1, https://goo.gl/fbAQLP

exports[`Cheking value data Using Snapshoot for checking all value responses 1`] = `
Array [
  Object {
    "description": "A military airship utilized by the government to access Laputa",
    "films": "https://ghibliapi.herokuapp.com/films/2baf70d1-42bb-4437-b551-e5fed5a87abe",
    "id": "4e09b023-f650-4747-9ab9-eacf14540cfb",
    "length": "1,000",
    "name": "Air Destroyer Goliath",
    "pilot": "https://ghibliapi.herokuapp.com/people/40c005ce-3725-4f15-8409-3e1b1b14b583",
    "url": "https://ghibliapi.herokuapp.com/vehicles/4e09b023-f650-4747-9ab9-eacf14540cfb",
    "vehicle_class": "Airship",
  },
  Object {
    "description": "An experimental aircraft captured by Porco. Named Savoia S.21",
    "films": "https://ghibliapi.herokuapp.com/films/ebbb6b7c-945c-41ee-a792-de0e43191bd8",
    "id": "d8f893b5-1dd9-41a1-9918-0099c1aa2de8",
    "length": "20",
    "name": "Red Wing",
    "pilot": "https://ghibliapi.herokuapp.com/people/6523068d-f5a9-4150-bf5b-76abe6fb42c3",
    "url": "https://ghibliapi.herokuapp.com/vehicles/d8f893b5-1dd9-41a1-9918-0099c1aa2de8",
    "vehicle_class": "Airplane",
  },
  Object {
    "description": "A toy boat where Sosuke plays",
    "films": "https://ghibliapi.herokuapp.com/films/758bf02e-3122-46e0-884e-67cf83df1786",
    "id": "923d70c9-8f15-4972-ad53-0128b261d628",
    "length": "10",
    "name": "Sosuke's Boat",
    "pilot": "https://ghibliapi.herokuapp.com/people/a10f64f3-e0b6-4a94-bf30-87ad8bc51607",
    "url": "https://ghibliapi.herokuapp.com/vehicles/923d70c9-8f15-4972-ad53-0128b261d628",
    "vehicle_class": "Boat",
  },
]
`;
